rpagk   AvantGarde-Book
rpagko  AvantGarde-BookOblique
rpagd   AvantGarde-Demi
rpagdo  AvantGarde-DemiOblique
rpbkd   Bookman-Demi
rpbkdi  Bookman-DemiItalic
rpbkl   Bookman-Light
rpbkli  Bookman-LightItalic
rpcrb   Courier-Bold
rpcrbo  Courier-BoldOblique
rpcrro  Courier-Oblique
rpcrr   Courier
rphvb   Helvetica-Bold
rphvbo  Helvetica-BoldOblique
rphvbrn Helvetica-Narrow-Bold
rphvbon Helvetica-Narrow-BoldOblique
rphvron Helvetica-Narrow-Oblique
rphvrrn Helvetica-Narrow
rphvro  Helvetica-Oblique
rphvr   Helvetica
rpncb   NewCenturySchlbk-Bold
rpncbi  NewCenturySchlbk-BoldItalic
rpncri  NewCenturySchlbk-Italic
rpncr   NewCenturySchlbk-Roman
rpplb   Palatino-Bold
rpplbi  Palatino-BoldItalic
rpplbu  Palatino-BoldUnslanted
rpplrrn Palatino-Narrow
rpplrre Palatino-Expanded
rpplri  Palatino-Italic
rpplro  Palatino-Oblique
rpplr   Palatino-Roman
rpplru  Palatino-Unslanted
rpsyr   Symbol
psyr    Symbol
rpsyro  Symbol-Oblique
psyro   Symbol-Oblique
rptmb   Times-Bold
rptmbi  Times-BoldItalic
rptmrrn Times-Narrow
rptmrre Times-Expanded
rptmri  Times-Italic
rptmro  Times-Oblique
rptmr   Times-Roman
rpzcmi  ZapfChancery-MediumItalic
rpzdr   ZapfDingbats
pzdr    ZapfDingbats
rpstrn  StoneInformal
rpstrnn StoneInformal-Narrow
rpstrni StoneInformal-Italic
rpstbn  StoneInformal-Bold
rpstbni StoneInformal-BoldItalic
rpstsn  StoneInformal-Semibold
rpstsni StoneInformal-SemiboldItalic
rpstrs  StoneSans
rpstrso StoneSans-Oblique
rpstr   StoneSerif
rpstri  StoneSerif-Italic
rpsts   StoneSerif-Semibold
rpstsi  StoneSerif-SemiboldItalic
rpstb   StoneSerif-Bold
rpstbi  StoneSerif-BoldItalic
rpopr   Optima
rpopro  Optima-Oblique
rpopb   Optima-Bold
rpopbo  Optima-BoldOblique
rpoprrn Optima-Narrow
rpoprre Optima-Expanded
rpopra  OptimaHR
rpopba  OptimaHR-Bold
rpadr   AGaramond-Regular
rpadrx  AGaramondExp-Regular
rpadra  AGaramondAlt-Regular
rpadri  AGaramond-Italic
rpadrxi AGaramondExp-Italic
rpadrai AGaramondAlt-Italic
rpads   AGaramond-Semibold
rpadsx  AGaramondExp-Semibold
rpadsi  AGaramond-SemiboldItalic
rpadsxi AGaramondExp-SemiboldItalic
rpadb   AGaramond-Bold
rpadbx  AGaramondExp-Bold
rpadbi  AGaramond-BoldItalic
rpadbxi AGaramondExp-BoldItalic
